// Jest Snapshot v1, https://goo.gl/fbAQLP

exports[`<ExampleBlockInspectorControls /> snapshot passed 1`] = `null`;
